[2024-06-02 14:53:54,352: INFO: main: Welocme to custom log]
[2024-06-02 15:26:42,035: INFO: main: Welocme to custom log]
[2024-06-02 15:36:54,830: INFO: main: >>>>>> stage Data Ingestion stage started <<<<<<]
[2024-06-02 15:36:54,833: INFO: common: yaml file: config/config.yaml loaded successfully]
[2024-06-02 15:36:54,833: INFO: common: yaml file: params.yaml loaded successfully]
[2024-06-02 15:36:54,833: ERROR: main: yaml file is empty]
Traceback (most recent call last):
  File "/Users/ashleshkhajbage/Documents/GitHub/End-to-end-Machine-Learning-Project-with-MLflow/src/mlProject/utils/common.py", line 32, in read_yaml
    return ConfigBox(content)
  File "/Users/ashleshkhajbage/Library/r-miniconda-arm64/lib/python3.10/site-packages/box/box.py", line 259, in __init__
    raise BoxValueError("First argument must be mapping or iterable")
box.exceptions.BoxValueError: First argument must be mapping or iterable

During handling of the above exception, another exception occurred:

Traceback (most recent call last):
  File "/Users/ashleshkhajbage/Documents/GitHub/End-to-end-Machine-Learning-Project-with-MLflow/main.py", line 13, in <module>
    data_ingestion.main()
  File "/Users/ashleshkhajbage/Documents/GitHub/End-to-end-Machine-Learning-Project-with-MLflow/src/mlProject/pipeline/stage_01_data_ingestion.py", line 14, in main
    config = ConfigurationManager()
  File "/Users/ashleshkhajbage/Documents/GitHub/End-to-end-Machine-Learning-Project-with-MLflow/src/mlProject/config/configuration.py", line 17, in __init__
    self.params = read_yaml(params_filepath)
  File "/Users/ashleshkhajbage/Library/r-miniconda-arm64/lib/python3.10/site-packages/ensure/main.py", line 849, in __call__
    return_val = self.f(*args, **kwargs)
  File "/Users/ashleshkhajbage/Documents/GitHub/End-to-end-Machine-Learning-Project-with-MLflow/src/mlProject/utils/common.py", line 34, in read_yaml
    raise ValueError("yaml file is empty")
ValueError: yaml file is empty
[2024-06-02 15:38:37,154: INFO: main: >>>>>> stage Data Ingestion stage started <<<<<<]
[2024-06-02 15:38:37,157: INFO: common: yaml file: config/config.yaml loaded successfully]
[2024-06-02 15:38:37,157: INFO: common: yaml file: params.yaml loaded successfully]
[2024-06-02 15:38:37,159: INFO: common: yaml file: schema.yaml loaded successfully]
[2024-06-02 15:38:37,159: INFO: common: created directory at: artifacts]
[2024-06-02 15:38:37,159: INFO: common: created directory at: artifacts/data_ingestion]
[2024-06-02 15:38:37,620: INFO: data_ingestion: artifacts/data_ingestion/data.zip download! with following info: 
Connection: close
Content-Length: 23329
Cache-Control: max-age=300
Content-Security-Policy: default-src 'none'; style-src 'unsafe-inline'; sandbox
Content-Type: application/zip
ETag: "c69888a4ae59bc5a893392785a938ccd4937981c06ba8a9d6a21aa52b4ab5b6e"
Strict-Transport-Security: max-age=31536000
X-Content-Type-Options: nosniff
X-Frame-Options: deny
X-XSS-Protection: 1; mode=block
X-GitHub-Request-Id: D81A:CB8DC:F2D0F1:1149ED0:665CD84D
Accept-Ranges: bytes
Date: Sun, 02 Jun 2024 20:38:37 GMT
Via: 1.1 varnish
X-Served-By: cache-chi-kigq8000108-CHI
X-Cache: MISS
X-Cache-Hits: 0
X-Timer: S1717360718.612517,VS0,VE66
Vary: Authorization,Accept-Encoding,Origin
Access-Control-Allow-Origin: *
Cross-Origin-Resource-Policy: cross-origin
X-Fastly-Request-ID: 587ba40edddc4c8ae41766f445706b66e7ea8c29
Expires: Sun, 02 Jun 2024 20:43:37 GMT
Source-Age: 0

]
[2024-06-02 15:38:37,624: INFO: main: >>>>>> stage Data Ingestion stage completed <<<<<<

x==========x]
[2024-06-02 15:38:37,624: INFO: main: >>>>>> stage Data Validation stage started <<<<<<]
[2024-06-02 15:38:37,628: INFO: common: yaml file: config/config.yaml loaded successfully]
[2024-06-02 15:38:37,628: INFO: common: yaml file: params.yaml loaded successfully]
[2024-06-02 15:38:37,630: INFO: common: yaml file: schema.yaml loaded successfully]
[2024-06-02 15:38:37,630: INFO: common: created directory at: artifacts]
[2024-06-02 15:38:37,631: INFO: common: created directory at: artifacts/data_validation]
[2024-06-02 15:38:37,698: INFO: main: >>>>>> stage Data Validation stage completed <<<<<<

x==========x]
[2024-06-02 15:38:37,698: INFO: main: >>>>>> stage Data Transformation stage started <<<<<<]
[2024-06-02 15:38:37,700: INFO: common: yaml file: config/config.yaml loaded successfully]
[2024-06-02 15:38:37,701: INFO: common: yaml file: params.yaml loaded successfully]
[2024-06-02 15:38:37,702: INFO: common: yaml file: schema.yaml loaded successfully]
[2024-06-02 15:38:37,702: INFO: common: created directory at: artifacts]
[2024-06-02 15:38:37,703: INFO: common: created directory at: artifacts/data_transformation]
[2024-06-02 15:38:37,719: INFO: data_transformation: Splited data into training and test sets]
[2024-06-02 15:38:37,720: INFO: data_transformation: (1199, 12)]
[2024-06-02 15:38:37,720: INFO: data_transformation: (400, 12)]
[2024-06-02 15:38:37,720: INFO: main: >>>>>> stage Data Transformation stage completed <<<<<<

x==========x]
[2024-06-02 15:38:37,720: INFO: main: >>>>>> stage Model Trainer stage started <<<<<<]
[2024-06-02 15:38:37,722: INFO: common: yaml file: config/config.yaml loaded successfully]
[2024-06-02 15:38:37,722: INFO: common: yaml file: params.yaml loaded successfully]
[2024-06-02 15:38:37,724: INFO: common: yaml file: schema.yaml loaded successfully]
[2024-06-02 15:38:37,724: INFO: common: created directory at: artifacts]
[2024-06-02 15:38:37,724: INFO: common: created directory at: artifacts/model_trainer]
[2024-06-02 15:38:37,735: INFO: main: >>>>>> stage Model Trainer stage completed <<<<<<

x==========x]
[2024-06-02 15:38:37,735: INFO: main: >>>>>> stage Model evaluation stage started <<<<<<]
[2024-06-02 15:38:37,739: INFO: common: yaml file: config/config.yaml loaded successfully]
[2024-06-02 15:38:37,739: INFO: common: yaml file: params.yaml loaded successfully]
[2024-06-02 15:38:37,742: INFO: common: yaml file: schema.yaml loaded successfully]
[2024-06-02 15:38:37,742: INFO: common: created directory at: artifacts]
[2024-06-02 15:38:37,742: INFO: common: created directory at: artifacts/model_evaluation]
[2024-06-02 15:38:37,858: INFO: common: json file saved at: artifacts/model_evaluation/metrics.json]
[2024-06-02 15:38:40,779: INFO: main: >>>>>> stage Model evaluation stage completed <<<<<<

x==========x]
[2024-06-02 17:08:41,229: INFO: common: yaml file: config/config.yaml loaded successfully]
[2024-06-02 17:08:41,232: INFO: common: yaml file: params.yaml loaded successfully]
[2024-06-02 17:08:41,235: INFO: common: yaml file: schema.yaml loaded successfully]
[2024-06-02 17:08:41,235: INFO: common: created directory at: artifacts]
[2024-06-02 17:08:41,236: INFO: common: created directory at: artifacts/data_validation]
[2024-06-02 17:21:36,776: INFO: common: yaml file: config/config.yaml loaded successfully]
[2024-06-02 17:21:36,778: INFO: common: yaml file: params.yaml loaded successfully]
[2024-06-02 17:21:36,781: INFO: common: yaml file: schema.yaml loaded successfully]
[2024-06-02 17:21:36,782: INFO: common: created directory at: artifacts]
[2024-06-02 17:21:36,782: INFO: common: created directory at: artifacts/data_transformation]
[2024-06-02 17:21:36,824: INFO: 741865018: Splited data into training and test sets]
[2024-06-02 17:21:36,825: INFO: 741865018: (1199, 12)]
[2024-06-02 17:21:36,825: INFO: 741865018: (400, 12)]
[2024-06-02 17:27:09,066: INFO: common: yaml file: config/config.yaml loaded successfully]
[2024-06-02 17:27:09,076: INFO: common: yaml file: params.yaml loaded successfully]
[2024-06-02 17:27:09,081: INFO: common: yaml file: schema.yaml loaded successfully]
[2024-06-02 17:27:09,084: INFO: common: created directory at: artifacts]
[2024-06-02 17:27:09,087: INFO: common: created directory at: artifacts/model_trainer]
